// Jest Snapshot v1, https://goo.gl/fbAQLP

exports[`Takes website's snapshot 1`] = `
<DocumentFragment>
  <div
    class="App"
  >
    <nav>
      <h1>
        Veggie Meal Catalog
      </h1>
    </nav>
    <div>
      <div
        class="search-wrapper"
      >
        <input
          placeholder="Search for Meal"
          type="text"
          value=""
        />
      </div>
      <div
        class="meals"
      />
    </div>
  </div>
</DocumentFragment>
`;
